// Jest Snapshot v1, https://goo.gl/fbAQLP

exports[`Test in component <RealExampleUseRef /> 1.Must do render the component RealExampleUseRef. 1`] = `
<div>
  <h1>
     Real Example of useRef
  </h1>
  <hr />
  <button
    className="btn btn-outline-success"
    onClick={[Function]}
  >
    Show 
    <i
      className="fas fa-eye"
    />
     / Hide 
    <i
      className="fas fa-eye-slash"
    />
  </button>
</div>
`;

exports[`Test in component <RealExampleUseRef /> 1.Must do render the component RealExampleUseRef. 2`] = `
<div>
  <h1>
     Real Example of useRef
  </h1>
  <hr />
  <button
    className="btn btn-outline-success"
    onClick={[Function]}
  >
    Show 
    <i
      className="fas fa-eye"
    />
     / Hide 
    <i
      className="fas fa-eye-slash"
    />
  </button>
</div>
`;

exports[`Test in component <RealExampleUseRef /> 2.should do show the information about the component. 1`] = `
<div>
  <h1>
     Real Example of useRef
  </h1>
  <hr />
  <button
    className="btn btn-outline-success"
    onClick={[Function]}
  >
    Show 
    <i
      className="fas fa-eye"
    />
     / Hide 
    <i
      className="fas fa-eye-slash"
    />
  </button>
</div>
`;
